testing
another one 
another one 
